This is pdfTeX, Version 3.141592653-2.6-1.40.29 (MiKTeX 26.5) (preloaded format=pdflatex 2026.9.18)  18 SEP 2026 14:56
entering extended mode
 restricted \write18 enabled.
 %&-line parsing enabled.
**./main.tex
(main.tex
LaTeX2e <2026-06-01>
L3 programming layer <2026-06-18>
(IEEEtran.cls
Document Class: IEEEtran 2015/08/26 V1.8b by Michael Shell
-- See the "IEEEtran_HOWTO" manual for usage information.
-- http://www.michaelshell.org/tex/ieeetran/
\@IEEEtrantmpdimenA=\dimen150
\@IEEEtrantmpdimenB=\dimen151
\@IEEEtrantmpdimenC=\dimen152
\@IEEEtrantmpcountA=\count276
\@IEEEtrantmpcountB=\count277
\@IEEEtrantmpcountC=\count278
\@IEEEtrantmptoksA=\toks17
LaTeX Font Info:    Trying to load font information for OT1+ptm on input line 5
03.
LaTeX Font Info:    No file OT1ptm.fd. on input line 503.

LaTeX Font Warning: Font shape `OT1/ptm/m/n' undefined
(Font)              using `OT1/cmr/m/n' instead on input line 503.

-- Using 8.5in x 11in (letter) paper.
-- Using PDF output.
\@IEEEnormalsizeunitybaselineskip=\dimen153
-- This is a 10 point document.
LaTeX Encoding Info:    Redeclaring text command \textunderscore (encoding ?) o
n input line 937.
\CLASSINFOnormalsizebaselineskip=\dimen154
\CLASSINFOnormalsizeunitybaselineskip=\dimen155
\IEEEnormaljot=\dimen156

LaTeX Font Warning: Font shape `OT1/ptm/bx/n' undefined
(Font)              using `OT1/ptm/m/n' instead on input line 1090.


LaTeX Font Warning: Font shape `OT1/ptm/m/it' undefined
(Font)              using `OT1/ptm/m/n' instead on input line 1090.


LaTeX Font Warning: Font shape `OT1/ptm/bx/it' undefined
(Font)              using `OT1/ptm/bx/n' instead on input line 1090.

\IEEEquantizedlength=\dimen157
\IEEEquantizedlengthdiff=\dimen158
\IEEEquantizedtextheightdiff=\dimen159
\IEEEilabelindentA=\dimen160
\IEEEilabelindentB=\dimen161
\IEEEilabelindent=\dimen162
\IEEEelabelindent=\dimen163
\IEEEdlabelindent=\dimen164
\IEEElabelindent=\dimen165
\IEEEiednormlabelsep=\dimen166
\IEEEiedmathlabelsep=\dimen167
\IEEEiedtopsep=\skip49
\c@section=\count279
\c@subsection=\count280
\c@subsubsection=\count281
\c@paragraph=\count282
\c@IEEEsubequation=\count283
\abovecaptionskip=\skip50
\belowcaptionskip=\skip51
\c@figure=\count284
\c@table=\count285
\@IEEEeqnnumcols=\count286
\@IEEEeqncolcnt=\count287
\@IEEEsubeqnnumrollback=\count288
\@IEEEquantizeheightA=\dimen168
\@IEEEquantizeheightB=\dimen169
\@IEEEquantizeheightC=\dimen170
\@IEEEquantizeprevdepth=\dimen171
\@IEEEquantizemultiple=\count289
\@IEEEquantizeboxA=\box53
\@IEEEtmpitemindent=\dimen172
\IEEEPARstartletwidth=\dimen173
\c@IEEEbiography=\count290
\@IEEEtranrubishbin=\box54
)
** ATTENTION: Overriding command lockouts (line 2).
(D:\Software\MiKTeX\tex/latex/amsmath\amsmath.sty
Package: amsmath 2026/05/19 v2.18d AMS math features
\@mathmargin=\skip52

For additional information on amsmath, use the `?' option.
(D:\Software\MiKTeX\tex/latex/amsmath\amstext.sty
Package: amstext 2024/11/17 v2.01 AMS text

(D:\Software\MiKTeX\tex/latex/amsmath\amsgen.sty
File: amsgen.sty 1999/11/30 v2.0 generic functions
\@emptytoks=\toks18
\ex@=\dimen174
))
(D:\Software\MiKTeX\tex/latex/amsmath\amsbsy.sty
Package: amsbsy 1999/11/29 v1.2d Bold Symbols
\pmbraise@=\dimen175
)
(D:\Software\MiKTeX\tex/latex/amsmath\amsopn.sty
Package: amsopn 2022/04/08 v2.04 operator names
)
\inf@bad=\count291
LaTeX Info: Redefining \frac on input line 233.
\uproot@=\count292
\leftroot@=\count293
LaTeX Info: Redefining \overline on input line 398.
LaTeX Info: Redefining \colon on input line 409.
\classnum@=\count294
\DOTSCASE@=\count295
LaTeX Info: Redefining \ldots on input line 495.
LaTeX Info: Redefining \dots on input line 498.
LaTeX Info: Redefining \cdots on input line 619.
\Mathstrutbox@=\box55
\strutbox@=\box56
LaTeX Info: Redefining \big on input line 721.
LaTeX Info: Redefining \Big on input line 722.
LaTeX Info: Redefining \bigg on input line 723.
LaTeX Info: Redefining \Bigg on input line 724.
\big@size=\dimen176
LaTeX Font Info:    Redeclaring font encoding OML on input line 742.
LaTeX Font Info:    Redeclaring font encoding OMS on input line 743.
\macc@depth=\count296
LaTeX Info: Redefining \bmod on input line 904.
LaTeX Info: Redefining \pmod on input line 909.
LaTeX Info: Redefining \smash on input line 939.
LaTeX Info: Redefining \relbar on input line 969.
LaTeX Info: Redefining \Relbar on input line 970.
\c@MaxMatrixCols=\count297
\dotsspace@=\muskip17
\c@parentequation=\count298
\dspbrk@lvl=\count299
\tag@help=\toks19
\row@=\count300
\column@=\count301
\maxfields@=\count302
\andhelp@=\toks20
\eqnshift@=\dimen177
\alignsep@=\dimen178
\tagshift@=\dimen179
\tagwidth@=\dimen180
\totwidth@=\dimen181
\lineht@=\dimen182
\@envbody=\toks21
\multlinegap=\skip53
\multlinetaggap=\skip54
\mathdisplay@stack=\toks22
LaTeX Info: Redefining \[ on input line 2965.
LaTeX Info: Redefining \] on input line 2966.
)
(D:\Software\MiKTeX\tex/latex/amsfonts\amssymb.sty
Package: amssymb 2013/01/14 v3.01 AMS font symbols

(D:\Software\MiKTeX\tex/latex/amsfonts\amsfonts.sty
Package: amsfonts 2013/01/14 v3.01 Basic AMSFonts support
\symAMSa=\mathgroup4
\symAMSb=\mathgroup5
LaTeX Font Info:    Redeclaring math symbol \hbar on input line 98.
LaTeX Font Info:    Overwriting math alphabet `\mathfrak' in version `bold'
(Font)                  U/euf/m/n --> U/euf/b/n on input line 106.
))
(D:\Software\MiKTeX\tex/latex/graphics\graphicx.sty
Package: graphicx 2026-05-17 v1.2e Enhanced LaTeX Graphics (DPC,SPQR)

(D:\Software\MiKTeX\tex/latex/graphics\keyval.sty
Package: keyval 2026-05-17 v1.15 key=value parser (DPC)
\KV@toks@=\toks23
)
(D:\Software\MiKTeX\tex/latex/graphics\graphics.sty
Package: graphics 2026-05-17 v1.4h Standard LaTeX Graphics (DPC,SPQR)

(D:\Software\MiKTeX\tex/latex/graphics\trig.sty
Package: trig 2023/12/02 v1.11 sin cos tan (DPC)
)
(D:\Software\MiKTeX\tex/latex/graphics-cfg\graphics.cfg
File: graphics.cfg 2016/06/04 v1.11 sample graphics configuration
)
Package graphics Info: Driver file: pdftex.def on input line 106.

(D:\Software\MiKTeX\tex/latex/graphics-def\pdftex.def
File: pdftex.def 2025/09/29 v1.2d Graphics/color driver for pdftex
))
\Gin@req@height=\dimen183
\Gin@req@width=\dimen184
)
(D:\Software\MiKTeX\tex/latex/base\textcomp.sty
Package: textcomp 2024/04/24 v2.1b Standard LaTeX package
)
(D:\Software\MiKTeX\tex/latex/xcolor\xcolor.sty
Package: xcolor 2024/09/29 v3.02 LaTeX color extensions (UK)

(D:\Software\MiKTeX\tex/latex/graphics-cfg\color.cfg
File: color.cfg 2016/01/02 v1.6 sample color configuration
)
Package xcolor Info: Driver file: pdftex.def on input line 274.

(D:\Software\MiKTeX\tex/latex/graphics\mathcolor.ltx)
Package xcolor Info: Model `cmy' substituted by `cmy0' on input line 1349.
Package xcolor Info: Model `hsb' substituted by `rgb' on input line 1353.
Package xcolor Info: Model `RGB' extended on input line 1365.
Package xcolor Info: Model `HTML' substituted by `rgb' on input line 1367.
Package xcolor Info: Model `Hsb' substituted by `hsb' on input line 1368.
Package xcolor Info: Model `tHsb' substituted by `hsb' on input line 1369.
Package xcolor Info: Model `HSB' substituted by `hsb' on input line 1370.
Package xcolor Info: Model `Gray' substituted by `gray' on input line 1371.
Package xcolor Info: Model `wave' substituted by `hsb' on input line 1372.
)
(C:\Users\Jason\AppData\Roaming\MiKTeX\tex/latex/geometry\geometry.sty
Package: geometry 2026/03/07 v6.0 Page Geometry

(D:\Software\MiKTeX\tex/generic/iftex\ifvtex.sty
Package: ifvtex 2019/10/25 v1.7 ifvtex legacy package. Use iftex instead.

(D:\Software\MiKTeX\tex/generic/iftex\iftex.sty
Package: iftex 2024/12/12 v1.0g TeX engine tests
))
\Gm@cnth=\count303
\Gm@cntv=\count304
\c@Gm@tempcnt=\count305
\Gm@bindingoffset=\dimen185
\Gm@wd@mp=\dimen186
\Gm@odd@mp=\dimen187
\Gm@even@mp=\dimen188
\Gm@layoutwidth=\dimen189
\Gm@layoutheight=\dimen190
\Gm@layouthoffset=\dimen191
\Gm@layoutvoffset=\dimen192
\Gm@dimlist=\toks24

(C:\Users\Jason\AppData\Roaming\MiKTeX\tex/latex/geometry\geometry.cfg))
(C:\Users\Jason\AppData\Roaming\MiKTeX\tex/latex/booktabs\booktabs.sty
Package: booktabs 2020/01/12 v1.61803398 Publication quality tables
\heavyrulewidth=\dimen193
\lightrulewidth=\dimen194
\cmidrulewidth=\dimen195
\belowrulesep=\dimen196
\belowbottomsep=\dimen197
\aboverulesep=\dimen198
\abovetopsep=\dimen199
\cmidrulesep=\dimen256
\cmidrulekern=\dimen257
\defaultaddspace=\dimen258
\@cmidla=\count306
\@cmidlb=\count307
\@aboverulesep=\dimen259
\@belowrulesep=\dimen260
\@thisruleclass=\count308
\@lastruleclass=\count309
\@thisrulewidth=\dimen261
)
(D:\Software\MiKTeX\tex/latex/tools\array.sty
Package: array 2026/02/24 v2.7b Tabular extension package (FMi)
\col@sep=\dimen262
\ar@mcellbox=\box57
\extrarowheight=\dimen263
\NC@list=\toks25
\extratabsurround=\skip55
\backup@length=\skip56
\ar@cellbox=\box58
)
(D:\Software\MiKTeX\tex/latex/hyperref\hyperref.sty
Package: hyperref 2026-06-17 v7.01r Hypertext links for LaTeX

(C:\Users\Jason\AppData\Roaming\MiKTeX\tex/latex/kvsetkeys\kvsetkeys.sty
Package: kvsetkeys 2022-10-05 v1.19 Key value parser (HO)
)
(C:\Users\Jason\AppData\Roaming\MiKTeX\tex/generic/kvdefinekeys\kvdefinekeys.st
y
Package: kvdefinekeys 2019-12-19 v1.6 Define keys (HO)
) (C:\Users\Jason\AppData\Roaming\MiKTeX\tex/generic/pdfescape\pdfescape.sty
Package: pdfescape 2019/12/09 v1.15 Implements pdfTeX's escape features (HO)

(C:\Users\Jason\AppData\Roaming\MiKTeX\tex/generic/ltxcmds\ltxcmds.sty
Package: ltxcmds 2023-12-04 v1.26 LaTeX kernel commands for general use (HO)
)
(D:\Software\MiKTeX\tex/generic/pdftexcmds\pdftexcmds.sty
Package: pdftexcmds 2020-06-27 v0.33 Utility functions of pdfTeX for LuaTeX (HO
)

(C:\Users\Jason\AppData\Roaming\MiKTeX\tex/generic/infwarerr\infwarerr.sty
Package: infwarerr 2019/12/03 v1.5 Providing info/warning/error messages (HO)
)
Package pdftexcmds Info: \pdf@primitive is available.
Package pdftexcmds Info: \pdf@ifprimitive is available.
Package pdftexcmds Info: \pdfdraftmode found.
))
(C:\Users\Jason\AppData\Roaming\MiKTeX\tex/latex/hycolor\hycolor.sty
Package: hycolor 2020-01-27 v1.10 Color options for hyperref/bookmark (HO)
)
(D:\Software\MiKTeX\tex/latex/hyperref\nameref.sty
Package: nameref 2026-01-29 v2.58 Cross-referencing by name of section

(C:\Users\Jason\AppData\Roaming\MiKTeX\tex/latex/refcount\refcount.sty
Package: refcount 2019/12/15 v3.6 Data extraction from label references (HO)
)
(C:\Users\Jason\AppData\Roaming\MiKTeX\tex/generic/gettitlestring\gettitlestrin
g.sty
Package: gettitlestring 2019/12/15 v1.6 Cleanup title references (HO)
 (C:\Users\Jason\AppData\Roaming\MiKTeX\tex/latex/kvoptions\kvoptions.sty
Package: kvoptions 2022-06-15 v3.15 Key value format for package options (HO)
))
\c@section@level=\count310
) (D:\Software\MiKTeX\tex/latex/etoolbox\etoolbox.sty
Package: etoolbox 2025/10/02 v2.5m e-TeX tools for LaTeX (JAW)
\etb@tempcnta=\count311
)
(C:\Users\Jason\AppData\Roaming\MiKTeX\tex/generic/stringenc\stringenc.sty
Package: stringenc 2019/11/29 v1.12 Convert strings between diff. encodings (HO
)
)
\@linkdim=\dimen264
\Hy@linkcounter=\count312
\Hy@pagecounter=\count313

(D:\Software\MiKTeX\tex/latex/hyperref\pd1enc.def
File: pd1enc.def 2026-06-17 v7.01r Hyperref: PDFDocEncoding definition (HO)
Now handling font encoding PD1 ...
... no UTF-8 mapping file for font encoding PD1
)
(C:\Users\Jason\AppData\Roaming\MiKTeX\tex/generic/intcalc\intcalc.sty
Package: intcalc 2019/12/15 v1.3 Expandable calculations with integers (HO)
)
\Hy@SavedSpaceFactor=\count314

(D:\Software\MiKTeX\tex/latex/hyperref\puenc.def
File: puenc.def 2026-06-17 v7.01r Hyperref: PDF Unicode definition (HO)
Now handling font encoding PU ...
... no UTF-8 mapping file for font encoding PU
)
Package hyperref Info: Hyper figures OFF on input line 4199.
Package hyperref Info: Link nesting OFF on input line 4204.
Package hyperref Info: Hyper index ON on input line 4207.
Package hyperref Info: Plain pages OFF on input line 4214.
Package hyperref Info: Backreferencing OFF on input line 4219.
Package hyperref Info: Implicit mode ON; LaTeX internals redefined.
Package hyperref Info: Bookmarks ON on input line 4466.
\c@Hy@tempcnt=\count315

(D:\Software\MiKTeX\tex/latex/url\url.sty
\Urlmuskip=\muskip18
Package: url 2013/09/16  ver 3.4  Verb mode for urls, etc.
)
LaTeX Info: Redefining \url on input line 4805.
\XeTeXLinkMargin=\dimen265

(C:\Users\Jason\AppData\Roaming\MiKTeX\tex/generic/bitset\bitset.sty
Package: bitset 2019/12/09 v1.3 Handle bit-vector datatype (HO)

(C:\Users\Jason\AppData\Roaming\MiKTeX\tex/generic/bigintcalc\bigintcalc.sty
Package: bigintcalc 2019/12/15 v1.5 Expandable calculations on big integers (HO
)
))
\Fld@menulength=\count316
\Field@Width=\dimen266
\Fld@charsize=\dimen267
Package hyperref Info: Hyper figures OFF on input line 6091.
Package hyperref Info: Link nesting OFF on input line 6096.
Package hyperref Info: Hyper index ON on input line 6099.
Package hyperref Info: backreferencing OFF on input line 6106.
Package hyperref Info: Link coloring OFF on input line 6111.
Package hyperref Info: Link coloring with OCG OFF on input line 6116.
Package hyperref Info: PDF/A mode OFF on input line 6121.
\Hy@abspage=\count317
\c@Item=\count318
\c@Hfootnote=\count319
)
Package hyperref Info: Driver (autodetected): hpdftex.
(D:\Software\MiKTeX\tex/latex/hyperref\hpdftex.def
File: hpdftex.def 2026-06-17 v7.01r Hyperref driver for pdfTeX
\Fld@listcount=\count320
\c@bookmark@seq@number=\count321

(C:\Users\Jason\AppData\Roaming\MiKTeX\tex/latex/rerunfilecheck\rerunfilecheck.
sty
Package: rerunfilecheck 2025-06-21 v1.11 Rerun checks for auxiliary files (HO)

(C:\Users\Jason\AppData\Roaming\MiKTeX\tex/generic/uniquecounter\uniquecounter.
sty
Package: uniquecounter 2019/12/15 v1.4 Provide unlimited unique counter (HO)
)
Package uniquecounter Info: New unique counter `rerunfilecheck' on input line 2
84.
)
\Hy@SectionHShift=\skip57
) (D:\Software\MiKTeX\tex/latex/l3backend\l3backend-pdftex.def
File: l3backend-pdftex.def 2026-02-18 L3 backend support: PDF output (pdfTeX)
\l__color_backend_stack_int=\count322
)
(D:\Repository\Drug-Target\manuscript\build\main.aux)
\openout1 = `main.aux'.

LaTeX Font Info:    Checking defaults for OML/cmm/m/it on input line 29.
LaTeX Font Info:    ... okay on input line 29.
LaTeX Font Info:    Checking defaults for OMS/cmsy/m/n on input line 29.
LaTeX Font Info:    ... okay on input line 29.
LaTeX Font Info:    Checking defaults for OT1/cmr/m/n on input line 29.
LaTeX Font Info:    ... okay on input line 29.
LaTeX Font Info:    Checking defaults for T1/cmr/m/n on input line 29.
LaTeX Font Info:    ... okay on input line 29.
LaTeX Font Info:    Checking defaults for TS1/cmr/m/n on input line 29.
LaTeX Font Info:    ... okay on input line 29.
LaTeX Font Info:    Checking defaults for OMX/cmex/m/n on input line 29.
LaTeX Font Info:    ... okay on input line 29.
LaTeX Font Info:    Checking defaults for U/cmr/m/n on input line 29.
LaTeX Font Info:    ... okay on input line 29.
LaTeX Font Info:    Checking defaults for PD1/pdf/m/n on input line 29.
LaTeX Font Info:    ... okay on input line 29.
LaTeX Font Info:    Checking defaults for PU/pdf/m/n on input line 29.
LaTeX Font Info:    ... okay on input line 29.


LaTeX Font Warning: Font shape `OT1/ptm/b/n' undefined
(Font)              using `OT1/ptm/bx/n' instead on input line 29.


LaTeX Font Warning: Font shape `OT1/ptm/b/it' undefined
(Font)              using `OT1/ptm/bx/it' instead on input line 29.


LaTeX Font Warning: Font shape `OT1/ptm/b/n' undefined
(Font)              using `OT1/ptm/bx/n' instead on input line 29.


LaTeX Font Warning: Font shape `OT1/ptm/b/it' undefined
(Font)              using `OT1/ptm/bx/it' instead on input line 29.


LaTeX Font Warning: Font shape `OT1/ptm/b/n' undefined
(Font)              using `OT1/ptm/bx/n' instead on input line 29.


LaTeX Font Warning: Font shape `OT1/ptm/b/it' undefined
(Font)              using `OT1/ptm/bx/it' instead on input line 29.


LaTeX Font Warning: Font shape `OT1/ptm/b/n' undefined
(Font)              using `OT1/ptm/bx/n' instead on input line 29.


LaTeX Font Warning: Font shape `OT1/ptm/b/it' undefined
(Font)              using `OT1/ptm/bx/it' instead on input line 29.


LaTeX Font Warning: Font shape `OT1/ptm/b/n' undefined
(Font)              using `OT1/ptm/bx/n' instead on input line 29.


LaTeX Font Warning: Font shape `OT1/ptm/b/it' undefined
(Font)              using `OT1/ptm/bx/it' instead on input line 29.


LaTeX Font Warning: Font shape `OT1/ptm/b/n' undefined
(Font)              using `OT1/ptm/bx/n' instead on input line 29.


LaTeX Font Warning: Font shape `OT1/ptm/b/it' undefined
(Font)              using `OT1/ptm/bx/it' instead on input line 29.


LaTeX Font Warning: Font shape `OT1/ptm/b/n' undefined
(Font)              using `OT1/ptm/bx/n' instead on input line 29.


LaTeX Font Warning: Font shape `OT1/ptm/b/it' undefined
(Font)              using `OT1/ptm/bx/it' instead on input line 29.


LaTeX Font Warning: Font shape `OT1/ptm/b/n' undefined
(Font)              using `OT1/ptm/bx/n' instead on input line 29.


LaTeX Font Warning: Font shape `OT1/ptm/b/it' undefined
(Font)              using `OT1/ptm/bx/it' instead on input line 29.


LaTeX Font Warning: Font shape `OT1/ptm/b/n' undefined
(Font)              using `OT1/ptm/bx/n' instead on input line 29.


LaTeX Font Warning: Font shape `OT1/ptm/b/it' undefined
(Font)              using `OT1/ptm/bx/it' instead on input line 29.


LaTeX Font Warning: Font shape `OT1/ptm/b/n' undefined
(Font)              using `OT1/ptm/bx/n' instead on input line 29.


LaTeX Font Warning: Font shape `OT1/ptm/b/it' undefined
(Font)              using `OT1/ptm/bx/it' instead on input line 29.

-- Lines per column: 55 (approximate, difference = 0.10394pt).
(D:\Software\MiKTeX\tex/context/base/mkii\supp-pdf.mkii
[Loading MPS to PDF converter (version 2006.09.02).]
\scratchcounter=\count323
\scratchdimen=\dimen268
\scratchbox=\box59
\nofMPsegments=\count324
\nofMParguments=\count325
\everyMPshowfont=\toks26
\MPscratchCnt=\count326
\MPscratchDim=\dimen269
\MPnumerator=\count327
\makeMPintoPDFobject=\count328
\everyMPtoPDFconversion=\toks27
) (D:\Software\MiKTeX\tex/latex/epstopdf-pkg\epstopdf-base.sty
Package: epstopdf-base 2020-01-24 v2.11 Base part for package epstopdf
Package epstopdf-base Info: Redefining graphics rule for `.eps' on input line 4
85.

(D:\Software\MiKTeX\tex/latex/00miktex\epstopdf-sys.cfg
File: epstopdf-sys.cfg 2021/03/18 v2.0 Configuration of epstopdf for MiKTeX
))
*geometry* driver: auto-detecting
*geometry* detected driver: pdftex
*geometry* verbose mode - [ preamble ] result:
* driver: pdftex
* paper: a4paper
* layout: <same size as paper>
* layoutoffset:(h,v)=(0.0pt,0.0pt)
* modes: 
* h-part:(L,W,R)=(56.9055pt, 483.69687pt, 56.9055pt)
* v-part:(T,H,B)=(71.13188pt, 660.10394pt, 113.81102pt)
* \paperwidth=597.50787pt
* \paperheight=845.04684pt
* \textwidth=483.69687pt
* \textheight=660.10394pt
* \oddsidemargin=-15.36449pt
* \evensidemargin=-15.36449pt
* \topmargin=-31.80537pt
* \headheight=12.0pt
* \headsep=18.66727pt
* \topskip=12.0pt
* \footskip=40.52605pt
* \marginparwidth=20.0pt
* \marginparsep=10.0pt
* \columnsep=12.0pt
* \skip\footins=10.79993pt plus 4.79993pt minus 2.39996pt
* \hoffset=0.0pt
* \voffset=0.0pt
* \mag=1000
* \@twocolumntrue
* \@twosidefalse
* \@mparswitchfalse
* \@reversemarginfalse
* (1in=72.27pt=25.4mm, 1cm=28.453pt)

Package hyperref Info: Link coloring OFF on input line 29.
(D:\Repository\Drug-Target\manuscript\build\main.out)
(D:\Repository\Drug-Target\manuscript\build\main.out)
\@outlinefile=\write3
\openout3 = `main.out'.

LaTeX Font Info:    Calculating math sizes for size <11> on input line 31.
LaTeX Font Info:    Trying to load font information for U+msa on input line 31.


(D:\Software\MiKTeX\tex/latex/amsfonts\umsa.fd
File: umsa.fd 2013/01/14 v3.01 AMS symbols A
)
LaTeX Font Info:    Trying to load font information for U+msb on input line 31.


(D:\Software\MiKTeX\tex/latex/amsfonts\umsb.fd
File: umsb.fd 2013/01/14 v3.01 AMS symbols B
)

LaTeX Font Warning: Font shape `OT1/ptm/b/n' undefined
(Font)              using `OT1/ptm/bx/n' instead on input line 32.

(generated/abstract_autogenerated.tex)

LaTeX Font Warning: Font shape `OT1/ptm/b/n' undefined
(Font)              using `OT1/ptm/bx/n' instead on input line 40.


LaTeX Font Warning: Font shape `OT1/ptm/m/sc' undefined
(Font)              using `OT1/ptm/m/n' instead on input line 45.


Underfull \hbox (badness 2478) in paragraph at lines 46--55
[]\OT1/ptm/bx/it/10 Inferring drug--target in-ter-ac-tions (DTIs) from
 []

(sections/methods.tex [1{C:/Users/Jason/AppData/Local/MiKTeX/fonts/map/pdftex/p
dftex.map}


]
<figures/figure_1_method_schematic.pdf, id=123, 630.355pt x 337.6615pt>
File: figures/figure_1_method_schematic.pdf Graphic file (type pdf)
<use figures/figure_1_method_schematic.pdf>
Package pdftex.def Info: figures/figure_1_method_schematic.pdf  used on input l
ine 19.
(pdftex.def)             Requested size: 483.69687pt x 259.10364pt.
) (sections/experiments.tex
LaTeX Font Info:    Trying to load font information for OT1+pcr on input line 1
4.
LaTeX Font Info:    No file OT1pcr.fd. on input line 14.


LaTeX Font Warning: Font shape `OT1/pcr/m/n' undefined
(Font)              using `OT1/cmr/m/n' instead on input line 14.


Underfull \hbox (badness 10000) in paragraph at lines 14--21
[]\OT1/pcr/m/n/10 The three lo-cal full.csv files were
 []


Underfull \hbox (badness 10000) in paragraph at lines 14--21
\OT1/pcr/m/n/10 ver-i-fied as ex-act Git-blob matches to the
 []


Underfull \hbox (badness 10000) in paragraph at lines 14--21
\OT1/pcr/m/n/10 pinned Drug-BAN dataset snap-shot (com-mit
 []


Underfull \hbox (badness 10000) in paragraph at lines 14--21
\OT1/pcr/m/n/10 9923f8c99959e00263103ff9ac61ba0eaccc8e02). Its
 []


Underfull \hbox (badness 10000) in paragraph at lines 14--21
\OT1/pcr/m/n/10 dataset doc-u-men-ta-tion iden-ti-fies Bind-ingDB,
 []


Underfull \hbox (badness 1371) in paragraph at lines 14--21
\OT1/pcr/m/n/10 snap-shot, byte-level check-sums and the ob-served
 []

[2]
Underfull \hbox (badness 1565) in paragraph at lines 52--60
[]\OT1/pcr/m/n/10 Table []I[] dis-tin-guishes feature-only, graph-based,
 []


Underfull \hbox (badness 2393) in paragraph at lines 52--60
\OT1/pcr/m/n/10 use ex-actly the same frozen pos-i-tive par-ti-tions
 []

[3 <./figures/figure_1_method_schematic.pdf>]
(generated/protocol_autogenerated.tex)) (sections/results.tex
(generated/results_autogenerated.tex
<figures/figure_2_baselines.pdf, id=170, 520.76154pt x 326.97261pt>
File: figures/figure_2_baselines.pdf Graphic file (type pdf)
<use figures/figure_2_baselines.pdf>
Package pdftex.def Info: figures/figure_2_baselines.pdf  used on input line 9.
(pdftex.def)             Requested size: 483.69687pt x 303.7022pt.
<figures/figure_3_ablation.pdf, id=172, 520.76154pt x 326.97261pt>
File: figures/figure_3_ablation.pdf Graphic file (type pdf)
<use figures/figure_3_ablation.pdf>
Package pdftex.def Info: figures/figure_3_ablation.pdf  used on input line 80.
(pdftex.def)             Requested size: 483.69687pt x 303.7022pt.
)) (generated/discussion_autogenerated.tex
[4]
Underfull \vbox (badness 10000) has occurred while \output is active []

)
(generated/conclusion_autogenerated.tex
Underfull \vbox (badness 10000) has occurred while \output is active []

 [5])
(sections/data_availability.tex

LaTeX Font Warning: Font shape `OT1/ptm/b/n' undefined
(Font)              using `OT1/ptm/bx/n' instead on input line 3.

[6 <./figures/figure_2_baselines.pdf>]

LaTeX Font Warning: Font shape `OT1/ptm/b/n' undefined
(Font)              using `OT1/ptm/bx/n' instead on input line 10.


Underfull \hbox (badness 3098) in paragraph at lines 10--19
\OT1/pcr/m/n/10 Reused in-put data. The bench-mark uses lo-cal
 []


Underfull \hbox (badness 10000) in paragraph at lines 10--19
\OT1/pcr/m/n/10 CSV files la-belled BioS-NAP, Hu-man and
 []


Underfull \hbox (badness 2922) in paragraph at lines 10--19
\OT1/pcr/m/n/10 Bind-ingDB. Each file was ver-i-fied byte-for-byte
 []


Underfull \hbox (badness 6141) in paragraph at lines 10--19
\OT1/pcr/m/n/10 against the cor-re-spond-ing full.csv file in the
 []


Underfull \hbox (badness 5008) in paragraph at lines 10--19
\OT1/pcr/m/n/10 Drug-BAN repos-i-tory dataset snap-shot (com-mit
 []


Underfull \hbox (badness 10000) in paragraph at lines 10--19
\OT1/pcr/m/n/10 9923f8c99959e00263103ff9ac61ba0eaccc8e02); that
 []


LaTeX Font Warning: Font shape `OT1/ptm/b/n' undefined
(Font)              using `OT1/ptm/bx/n' instead on input line 20.

)
Underfull \vbox (badness 10000) has occurred while \output is active []



LaTeX Font Warning: Font shape `OT1/ptm/b/n' undefined
(Font)              using `OT1/ptm/bx/n' instead on input line 102.


LaTeX Font Warning: Font shape `OT1/ptm/b/n' undefined
(Font)              using `OT1/ptm/bx/n' instead on input line 106.

(D:\Repository\Drug-Target\manuscript\build\main.bbl [7 <./figures/figure_3_abl
ation.pdf>]
Underfull \hbox (badness 5288) in paragraph at lines 50--55
[]\OT1/ptm/m/sc/8 Mustafa Coskun, Ab-delka-der Bag-gag, and Mehmet
 []

)

** Conference Paper **
Before submitting the final camera ready copy, remember to:

 1. Manually equalize the lengths of two columns on the last page
 of your paper;

 2. Ensure that any PostScript and/or PDF output post-processing
 uses only Type 1 fonts and that every step in the generation
 process uses the appropriate paper size.

[8

] (D:\Repository\Drug-Target\manuscript\build\main.aux)
 ***********
LaTeX2e <2026-06-01>
L3 programming layer <2026-06-18>
 ***********


LaTeX Font Warning: Some font shapes were not available, defaults substituted.

Package rerunfilecheck Info: File `main.out' has not changed.
(rerunfilecheck)             Checksum: 65A447AC7B1DFCAA0C9C01DD920391FC;4290.
 ) 
Here is how much of TeX's memory you used:
 11816 strings out of 467510
 185578 string characters out of 5421352
 660603 words of memory out of 5000000
 40841 multiletter control sequences out of 15000+600000
 638095 words of font info for 82 fonts, out of 8000000 for 9000
 1141 hyphenation exceptions out of 8191
 74i,9n,79p,1319b,580s stack positions out of 10000i,1000n,20000p,200000b,200000s
<D:/Software/MiKTeX/fonts/type1/public/amsfonts/cm/cmmi10.pfb><D:/Software/Mi
KTeX/fonts/type1/public/amsfonts/cm/cmmi7.pfb><D:/Software/MiKTeX/fonts/type1/p
ublic/amsfonts/cm/cmmi8.pfb><D:/Software/MiKTeX/fonts/type1/public/amsfonts/cm/
cmmi9.pfb><D:/Software/MiKTeX/fonts/type1/public/amsfonts/cm/cmr10.pfb><D:/Soft
ware/MiKTeX/fonts/type1/public/amsfonts/cm/cmr17.pfb><D:/Software/MiKTeX/fonts/
type1/public/amsfonts/cm/cmr6.pfb><D:/Software/MiKTeX/fonts/type1/public/amsfon
ts/cm/cmr7.pfb><D:/Software/MiKTeX/fonts/type1/public/amsfonts/cm/cmr8.pfb><D:/
Software/MiKTeX/fonts/type1/public/amsfonts/cm/cmr9.pfb><D:/Software/MiKTeX/fon
ts/type1/public/amsfonts/cm/cmsy10.pfb><D:/Software/MiKTeX/fonts/type1/public/a
msfonts/cm/cmsy7.pfb><D:/Software/MiKTeX/fonts/type1/public/amsfonts/cm/cmsy8.p
fb>
Output written on D:\Repository\Drug-Target\manuscript\build\main.pdf (8 pages,
 350514 bytes).
PDF statistics:
 370 PDF objects out of 1000 (max. 8388607)
 53 named destinations out of 1000 (max. 500000)
 200 words of extra memory for PDF output out of 10000 (max. 10000000)

